Diff in /Users/hoyeonlee/projects/herdr-ide.worktrees/hide-rebrand/herdr-core/src/runtime.rs:564:
                 continue;
             };
             let checkout_index = context_path.as_deref().and_then(|path| {
[31m-                workspace_snapshot.checkouts.iter().position(|checkout| {
(B[m[31m-                    path_is_within_checkout(path, &checkout.path)
(B[m[31m-                })
(B[m[32m+                workspace_snapshot
(B[m[32m+                    .checkouts
(B[m[32m+                    .iter()
(B[m[32m+                    .position(|checkout| path_is_within_checkout(path, &checkout.path))
(B[m             });
             let Some(checkout) = workspace_snapshot
                 .checkouts
Diff in /Users/hoyeonlee/projects/herdr-ide.worktrees/hide-rebrand/herdr-core/src/runtime.rs:2984:
         }))
         .expect("temporary catalog anchor event");
         assert!(runtime.dispatch_json(&ui_state_anchor));
[31m-        assert!(runtime
(B[m[31m-            .snapshot()
(B[m[31m-            .navigator
(B[m[31m-            .workspaces
(B[m[31m-            .iter()
(B[m[31m-            .any(|workspace| workspace.id == workspace_id));
(B[m[32m+        assert!(
(B[m[32m+            runtime
(B[m[32m+                .snapshot()
(B[m[32m+                .navigator
(B[m[32m+                .workspaces
(B[m[32m+                .iter()
(B[m[32m+                .any(|workspace| workspace.id == workspace_id)
(B[m[32m+        );
(B[m         assert_eq!(
             runtime.snapshot().navigator.focused_checkout_id.as_deref(),
             Some(checkout_id.as_str())
Diff in /Users/hoyeonlee/projects/herdr-ide.worktrees/hide-rebrand/herdr-core/src/runtime.rs:3042:
             })
             .expect("selected temporary checkout after the next poll");
         assert!(selected_checkout.tabs.iter().any(|tab| {
[31m-            tab.id.as_deref() == Some("w3Z:t1")
(B[m[31m-                && tab.panes.iter().any(|pane| pane.id == "w3Z:p1")
(B[m[32m+            tab.id.as_deref() == Some("w3Z:t1") && tab.panes.iter().any(|pane| pane.id == "w3Z:p1")
(B[m         }));
         assert_eq!(
             runtime.snapshot().terminal.pane_id.as_deref(),
cargo_fmt_check_exit=1
git_diff_check_exit=0
