   Compiling herdr-core v0.1.0 (/Users/hoyeonlee/projects/herdr-ide.worktrees/hide-rebrand/herdr-core)
    Finished `test` profile [unoptimized + debuginfo] target(s) in 2.72s
     Running unittests src/lib.rs (target/debug/deps/herdr_core-ff74fa361901db68)

running 1 test
{"component":"ui_state","fallback":"defaults","kind":"ui_state.missing","message":"UI state was not found; safe defaults were loaded"}
test runtime::tests::a_returned_pane_id_selects_its_layout_when_other_panes_share_the_cwd ... ok

test result: ok. 1 passed; 0 failed; 0 ignored; 0 measured; 89 filtered out; finished in 0.03s

returned_anchor_exit=0
    Finished `test` profile [unoptimized + debuginfo] target(s) in 0.08s
     Running unittests src/lib.rs (target/debug/deps/herdr_core-ff74fa361901db68)

running 1 test
{"component":"ui_state","fallback":"defaults","kind":"ui_state.missing","message":"UI state was not found; safe defaults were loaded"}
test runtime::tests::an_unregistered_worktree_layout_projects_into_the_selected_checkout ... ok

test result: ok. 1 passed; 0 failed; 0 ignored; 0 measured; 89 filtered out; finished in 0.39s

temporary_catalog_anchor_exit=0
    Finished `test` profile [unoptimized + debuginfo] target(s) in 0.06s
     Running unittests src/lib.rs (target/debug/deps/herdr_core-ff74fa361901db68)

running 1 test
{"component":"ui_state","fallback":"defaults","kind":"ui_state.missing","message":"UI state was not found; safe defaults were loaded"}

thread 'runtime::tests::a_same_cwd_pane_from_another_workspace_is_not_a_projection_fallback' (47611906) panicked at herdr-core/src/runtime.rs:3356:9:
assertion failed: runtime.snapshot().pane_layout.is_none()
note: run with `RUST_BACKTRACE=1` environment variable to display a backtrace
test runtime::tests::a_same_cwd_pane_from_another_workspace_is_not_a_projection_fallback ... FAILED

failures:

failures:
    runtime::tests::a_same_cwd_pane_from_another_workspace_is_not_a_projection_fallback

test result: FAILED. 0 passed; 1 failed; 0 ignored; 0 measured; 89 filtered out; finished in 0.01s

error: test failed, to rerun pass `-p herdr-core --lib`
no_same_cwd_fallback_exit=101
    Finished `test` profile [unoptimized + debuginfo] target(s) in 0.07s
     Running unittests src/lib.rs (target/debug/deps/herdr_core-ff74fa361901db68)

running 1 test

thread 'runtime::tests::checkout_path_matching_uses_component_boundaries' (47612123) panicked at herdr-core/src/runtime.rs:3371:9:
assertion failed: path_is_within_checkout("/tmp/hide-checkout/src/main.rs",
    "/tmp/hide-checkout")
note: run with `RUST_BACKTRACE=1` environment variable to display a backtrace
test runtime::tests::checkout_path_matching_uses_component_boundaries ... FAILED

failures:

failures:
    runtime::tests::checkout_path_matching_uses_component_boundaries

test result: FAILED. 0 passed; 1 failed; 0 ignored; 0 measured; 89 filtered out; finished in 0.00s

error: test failed, to rerun pass `-p herdr-core --lib`
path_boundary_exit=101
