[1/1] Compiling plugin GenerateDoccReference
[2/2] Compiling plugin GenerateManual
[3/3] Compiling plugin SwiftTermBuildInfoPlugin
Building for debugging...
[3/8] Write sources
[4/8] Write swift-version--1AB21518FC5DEDBE.txt
[6/10] Compiling HerdrMacOS RuntimeEnvironment.swift
[7/10] Emitting module HerdrMacOS
[8/14] Compiling HerdrMacOS OperationalModels.swift
[9/14] Compiling HerdrMacOS RemoteTerminalHost.swift
[10/14] Compiling HerdrMacOS CoreBridge.swift
[11/14] Compiling HerdrMacOS HideUI.swift
[11/16] Write Objects.LinkFileList
ld: warning: object file (../target/release/libherdr_core.a[41](25ac62e5b3c53843-curve25519.o)) was built for newer 'macOS' version (15.2) than being linked (14.0)
ld: warning: object file (../target/release/libherdr_core.a[42](0bbbd18bda93c05b-aes_nohw.o)) was built for newer 'macOS' version (15.2) than being linked (14.0)
ld: warning: object file (../target/release/libherdr_core.a[43](00c879ee3285a50d-montgomery.o)) was built for newer 'macOS' version (15.2) than being linked (14.0)
ld: warning: object file (../target/release/libherdr_core.a[44](00c879ee3285a50d-montgomery_inv.o)) was built for newer 'macOS' version (15.2) than being linked (14.0)
ld: warning: object file (../target/release/libherdr_core.a[45](a0330e891e733f4e-ecp_nistz.o)) was built for newer 'macOS' version (15.2) than being linked (14.0)
ld: warning: object file (../target/release/libherdr_core.a[47](a0330e891e733f4e-gfp_p384.o)) was built for newer 'macOS' version (15.2) than being linked (14.0)
ld: warning: object file (../target/release/libherdr_core.a[49](aaa1ba3e455ee2e1-limbs.o)) was built for newer 'macOS' version (15.2) than being linked (14.0)
ld: warning: object file (../target/release/libherdr_core.a[50](a4019cc0736b0423-mem.o)) was built for newer 'macOS' version (15.2) than being linked (14.0)
ld: warning: object file (../target/release/libherdr_core.a[51](d5a9841f3dc6e253-poly1305.o)) was built for newer 'macOS' version (15.2) than being linked (14.0)
ld: warning: object file (../target/release/libherdr_core.a[52](a0330e891e733f4e-p256-nistz.o)) was built for newer 'macOS' version (15.2) than being linked (14.0)
ld: warning: object file (../target/release/libherdr_core.a[53](c322a0bcc369f531-chacha-armv8-ios64.o)) was built for newer 'macOS' version (15.2) than being linked (14.0)
ld: warning: object file (../target/release/libherdr_core.a[54](c322a0bcc369f531-chacha20_poly1305_armv8-ios64.o)) was built for newer 'macOS' version (15.2) than being linked (14.0)
ld: warning: object file (../target/release/libherdr_core.a[55](c322a0bcc369f531-aesv8-armx-ios64.o)) was built for newer 'macOS' version (15.2) than being linked (14.0)
ld: warning: object file (../target/release/libherdr_core.a[56](c322a0bcc369f531-aesv8-gcm-armv8-ios64.o)) was built for newer 'macOS' version (15.2) than being linked (14.0)
ld: warning: object file (../target/release/libherdr_core.a[57](c322a0bcc369f531-ghash-neon-armv8-ios64.o)) was built for newer 'macOS' version (15.2) than being linked (14.0)
ld: warning: object file (../target/release/libherdr_core.a[58](c322a0bcc369f531-ghashv8-armx-ios64.o)) was built for newer 'macOS' version (15.2) than being linked (14.0)
ld: warning: object file (../target/release/libherdr_core.a[59](c322a0bcc369f531-vpaes-armv8-ios64.o)) was built for newer 'macOS' version (15.2) than being linked (14.0)
ld: warning: object file (../target/release/libherdr_core.a[60](c322a0bcc369f531-armv8-mont-ios64.o)) was built for newer 'macOS' version (15.2) than being linked (14.0)
ld: warning: object file (../target/release/libherdr_core.a[61](c322a0bcc369f531-p256-armv8-asm-ios64.o)) was built for newer 'macOS' version (15.2) than being linked (14.0)
ld: warning: object file (../target/release/libherdr_core.a[62](c322a0bcc369f531-sha512-armv8-ios64.o)) was built for newer 'macOS' version (15.2) than being linked (14.0)
ld: warning: object file (../target/release/libherdr_core.a[63](c322a0bcc369f531-sha256-armv8-ios64.o)) was built for newer 'macOS' version (15.2) than being linked (14.0)
[12/16] Linking HerdrMacOS
[13/16] Applying HerdrMacOS
[15/18] Emitting module HerdrMacOSTests
[16/18] Compiling HerdrMacOSTests OperationalPolicyTests.swift
[16/18] Write Objects.LinkFileList
ld: warning: object file (../target/release/libherdr_core.a[41](25ac62e5b3c53843-curve25519.o)) was built for newer 'macOS' version (15.2) than being linked (14.0)
ld: warning: object file (../target/release/libherdr_core.a[42](0bbbd18bda93c05b-aes_nohw.o)) was built for newer 'macOS' version (15.2) than being linked (14.0)
ld: warning: object file (../target/release/libherdr_core.a[43](00c879ee3285a50d-montgomery.o)) was built for newer 'macOS' version (15.2) than being linked (14.0)
ld: warning: object file (../target/release/libherdr_core.a[44](00c879ee3285a50d-montgomery_inv.o)) was built for newer 'macOS' version (15.2) than being linked (14.0)
ld: warning: object file (../target/release/libherdr_core.a[45](a0330e891e733f4e-ecp_nistz.o)) was built for newer 'macOS' version (15.2) than being linked (14.0)
ld: warning: object file (../target/release/libherdr_core.a[47](a0330e891e733f4e-gfp_p384.o)) was built for newer 'macOS' version (15.2) than being linked (14.0)
ld: warning: object file (../target/release/libherdr_core.a[49](aaa1ba3e455ee2e1-limbs.o)) was built for newer 'macOS' version (15.2) than being linked (14.0)
ld: warning: object file (../target/release/libherdr_core.a[50](a4019cc0736b0423-mem.o)) was built for newer 'macOS' version (15.2) than being linked (14.0)
ld: warning: object file (../target/release/libherdr_core.a[51](d5a9841f3dc6e253-poly1305.o)) was built for newer 'macOS' version (15.2) than being linked (14.0)
ld: warning: object file (../target/release/libherdr_core.a[52](a0330e891e733f4e-p256-nistz.o)) was built for newer 'macOS' version (15.2) than being linked (14.0)
ld: warning: object file (../target/release/libherdr_core.a[53](c322a0bcc369f531-chacha-armv8-ios64.o)) was built for newer 'macOS' version (15.2) than being linked (14.0)
ld: warning: object file (../target/release/libherdr_core.a[54](c322a0bcc369f531-chacha20_poly1305_armv8-ios64.o)) was built for newer 'macOS' version (15.2) than being linked (14.0)
ld: warning: object file (../target/release/libherdr_core.a[55](c322a0bcc369f531-aesv8-armx-ios64.o)) was built for newer 'macOS' version (15.2) than being linked (14.0)
ld: warning: object file (../target/release/libherdr_core.a[56](c322a0bcc369f531-aesv8-gcm-armv8-ios64.o)) was built for newer 'macOS' version (15.2) than being linked (14.0)
ld: warning: object file (../target/release/libherdr_core.a[57](c322a0bcc369f531-ghash-neon-armv8-ios64.o)) was built for newer 'macOS' version (15.2) than being linked (14.0)
ld: warning: object file (../target/release/libherdr_core.a[58](c322a0bcc369f531-ghashv8-armx-ios64.o)) was built for newer 'macOS' version (15.2) than being linked (14.0)
ld: warning: object file (../target/release/libherdr_core.a[59](c322a0bcc369f531-vpaes-armv8-ios64.o)) was built for newer 'macOS' version (15.2) than being linked (14.0)
ld: warning: object file (../target/release/libherdr_core.a[60](c322a0bcc369f531-armv8-mont-ios64.o)) was built for newer 'macOS' version (15.2) than being linked (14.0)
ld: warning: object file (../target/release/libherdr_core.a[61](c322a0bcc369f531-p256-armv8-asm-ios64.o)) was built for newer 'macOS' version (15.2) than being linked (14.0)
ld: warning: object file (../target/release/libherdr_core.a[62](c322a0bcc369f531-sha512-armv8-ios64.o)) was built for newer 'macOS' version (15.2) than being linked (14.0)
ld: warning: object file (../target/release/libherdr_core.a[63](c322a0bcc369f531-sha256-armv8-ios64.o)) was built for newer 'macOS' version (15.2) than being linked (14.0)
[17/18] Linking HerdrMacOSPackageTests
Build complete! (5.90s)
◇ Test run started.
↳ Testing Library Version: 102 (arm64e-apple-macos13.0)
◇ Suite CompositionInputPolicyTests started.
◇ Suite "Pet theme loading" started.
◇ Suite "Pane grid presentation" started.
◇ Suite "Pet animation" started.
◇ Suite "Pane shortcut settings" started.
◇ Suite PaneActivityPresentationTests started.
◇ Test loginShellPathIsTheChildToolPATH() started.
◇ Test mainWindowPresentationIsVisibleBeforeRuntimeWorkStarts() started.
◇ Suite "Pet placement and gestures" started.
◇ Suite "Pet URL scheme" started.
◇ Test unlaunchableRuntimeReturnsItsLaunchFailureToTheCaller() started.
◇ Test petHitRegionKeepsCircularEdgeInteractive() started.
◇ Test everyAttentionPaneStateRequiresCloseConfirmation() started.
◇ Suite "Pet global shortcut" started.
◇ Test petHitRegionDecisionIsStableWhenRepeated() started.
◇ Test finderLikeEnvironmentUsesAVisibleSafePATHFallback() started.
◇ Test hideSearchFiltersAgentsAndCheckoutsWithoutTerminalEntries() started.
◇ Test petPlacementIsStableWhenRepeated() started.
◇ Test remoteSnapshotProjectionCarriesContextAndPaneCwd() started.
◇ Test petHitRegionMakesTransparentCornerClickThrough() started.
◇ Test workspaceAndTabWarningsAggregateOnlyActiveOrAttentionPanes() started.
◇ Test workingPaneNoticeNamesTheTerminationConsequence() started.
◇ Test petHitRegionKeepsCenterInteractive() started.
◇ Test paneLessCheckoutSelectionRequestsAnAutomaticTerminal() started.
◇ Test missingRuntimeReturnsAVisibleServerStartFailure() started.
◇ Test finderLaunchWithoutAnActiveWorkspaceDoesNotScanTheProcessDirectory() started.
◇ Test worktreeNoticeStatesTheCheckoutLossBoundary() started.
◇ Test remoteShellCommandQuotesPathsWithoutHandlingCredentials() started.
◇ Test offscreenPetOriginClampsIntoPrimaryVisibleFrame() started.
◇ Test childToolEnvironmentHasOnlyNonSecretRoutingValues() started.
◇ Test coreBridgeHasAnImmediateSnapshotBeforeRuntimeResolution() started.
◇ Test cdpTabTitleDecodesCharacterReferencesAfterStructuredJSONParsing() started.
◇ Test chromuxPathAbsenceStopsBeforeAnyProcessLaunch() started.
◇ Test checkoutWithAExistingPaneOnlyChangesFocus() started.
◇ Test idlePaneCloseDoesNotAddAnUnnecessaryConfirmation() started.
◇ Test terminalLayoutMustBelongToTheFocusedCheckoutBeforeRendering() started.
◇ Test aThemeNamingArtThatIsNotThereFailsWithThatPath() started.
◇ Test bundledDefaultThemeCoversEveryPoseTheCoreCanReport() started.
◇ Test aThemeMissingAPoseIsRejectedRatherThanLeavingThePetBlank() started.
◇ Test composingStillDeliversTextAndArrowSequences() started.
◇ Test backspaceDuringCompositionSwallowsEverything() started.
◇ Test anUnknownSchemaVersionIsRefusedInsteadOfGuessed() started.
◇ Test notComposingDeliversEverything() started.
◇ Test focusAccentFollowsOnlyTheAuthoritativePaneAndIsRepeatable() started.
◇ Test composingSuppressesControlByteFallbacks() started.
◇ Test giveUpCommitIsDroppedOnlyForComposedBackspace() started.
◇ Test unzoomRestoresAuthoritativeFramesWithoutCollapsingHiddenPanes() started.
◇ Test zoomRetainsEveryPaneViewInsteadOfRecreatingHiddenTerminals() started.
◇ Test theLocatorPrefersTheBundleAndFallsBackToTheCheckout() started.
◇ Test authoritativeNestedLayoutDecodesWithoutChangingPaneOrder() started.
◇ Test plainBackspaceExcludesShortcutChords() started.
◇ Test aStaticPoseYieldsExactlyOneFrame() started.
◇ Test rebindRejectsDuplicateAndUpdatesOnlyTheRequestedAction() started.
◇ Test terminalViewLeavesPaneCommandEquivalentsToTheMenuSystem() started.
◇ Test missingStateUsesTheFourDocumentedDefaults() started.
◇ Test corruptReservedOrConflictingStoredBindingsFallBackAsOneSafeSet() started.
◇ Test spriteSheetArtIsSlicedIntoEqualDistinctFrames() started.
◇ Test theNewestPaneTransitionWins() started.
◇ Test pendingAndReadyPaneOperationsStayVisible() started.
◇ Test validPersistedBindingsRestoreWithNativeMenuEquivalents() started.
◇ Test draggingKeepsTheCursorAtTheSamePointOnThePet() started.
◇ Test aSheetThatDoesNotDivideIsRefusedRatherThanRenderedSkewed() started.
◇ Test animatedWebpArtPlaysItsOwnFramesWithoutConversion() started.
◇ Test nativeWindowRoutingMatchesAllFourPaneCommandsAndNothingReserved() started.
◇ Test everyCommandParsesWithOrWithoutATrailingSlash() started.
◇ Test unrelatedDiagnosticsDoNotInventPaneActivity() started.
◇ Test anAcceleratorIsBuiltFromThePhysicalKeyNotTheTypedCharacter() started.
◇ Test aReleaseWithinTheThresholdIsAClickAndFurtherIsADrag() started.
◇ Test theRecordedOffscreenIncidentCoordinateComesBackOnScreen() started.
◇ Test anOriginOnAScreenThatIsNoLongerConnectedMovesToOneThatIs() started.
◇ Test anEmptyAcceleratorRegistersNothingAndReportsNoError() started.
◇ Test storedAcceleratorsRoundTripAndInvalidOnesAreNamed() started.
◇ Test anUnparsableStoredAcceleratorSurfacesInsteadOfSilentlyNotFiring() started.
✔ Test finderLikeEnvironmentUsesAVisibleSafePATHFallback() passed after 0.003 seconds.
✔ Test everyAttentionPaneStateRequiresCloseConfirmation() passed after 0.003 seconds.
✔ Test petHitRegionDecisionIsStableWhenRepeated() passed after 0.003 seconds.
✔ Test petHitRegionKeepsCircularEdgeInteractive() passed after 0.003 seconds.
◇ Test clampingIsStableWhenRepeated() started.
✔ Test petPlacementIsStableWhenRepeated() passed after 0.003 seconds.
✔ Test workingPaneNoticeNamesTheTerminationConsequence() passed after 0.003 seconds.
◇ Test modifierOnlyAndBareKeyPressesAreNotCompleteBindings() started.
◇ Test theRetiredPetSchemeAndUnknownCommandsAreNotAccepted() started.
✔ Test workspaceAndTabWarningsAggregateOnlyActiveOrAttentionPanes() passed after 0.003 seconds.
✔ Test petHitRegionMakesTransparentCornerClickThrough() passed after 0.003 seconds.
✔ Test missingRuntimeReturnsAVisibleServerStartFailure() passed after 0.003 seconds.
✔ Test paneLessCheckoutSelectionRequestsAnAutomaticTerminal() passed after 0.003 seconds.
✔ Test petHitRegionKeepsCenterInteractive() passed after 0.003 seconds.
✔ Test worktreeNoticeStatesTheCheckoutLossBoundary() passed after 0.003 seconds.
✔ Test hideSearchFiltersAgentsAndCheckoutsWithoutTerminalEntries() passed after 0.003 seconds.
✔ Test remoteShellCommandQuotesPathsWithoutHandlingCredentials() passed after 0.004 seconds.
✔ Test remoteSnapshotProjectionCarriesContextAndPaneCwd() passed after 0.004 seconds.
✔ Test finderLaunchWithoutAnActiveWorkspaceDoesNotScanTheProcessDirectory() passed after 0.004 seconds.
✔ Test offscreenPetOriginClampsIntoPrimaryVisibleFrame() passed after 0.004 seconds.
✔ Test checkoutWithAExistingPaneOnlyChangesFocus() passed after 0.005 seconds.
✔ Test idlePaneCloseDoesNotAddAnUnnecessaryConfirmation() passed after 0.004 seconds.
✔ Test terminalLayoutMustBelongToTheFocusedCheckoutBeforeRendering() passed after 0.005 seconds.
✔ Test cdpTabTitleDecodesCharacterReferencesAfterStructuredJSONParsing() passed after 0.005 seconds.
✔ Test backspaceDuringCompositionSwallowsEverything() passed after 0.003 seconds.
✔ Test notComposingDeliversEverything() passed after 0.003 seconds.
✔ Test composingStillDeliversTextAndArrowSequences() passed after 0.004 seconds.
✔ Test giveUpCommitIsDroppedOnlyForComposedBackspace() passed after 0.003 seconds.
✔ Test composingSuppressesControlByteFallbacks() passed after 0.003 seconds.
✔ Test plainBackspaceExcludesShortcutChords() passed after 0.003 seconds.
✔ Test missingStateUsesTheFourDocumentedDefaults() passed after 0.002 seconds.
✔ Test rebindRejectsDuplicateAndUpdatesOnlyTheRequestedAction() passed after 0.002 seconds.
✔ Test theNewestPaneTransitionWins() passed after 0.002 seconds.
✔ Test pendingAndReadyPaneOperationsStayVisible() passed after 0.002 seconds.
✔ Test draggingKeepsTheCursorAtTheSamePointOnThePet() passed after 0.002 seconds.
✔ Test corruptReservedOrConflictingStoredBindingsFallBackAsOneSafeSet() passed after 0.002 seconds.
✔ Test validPersistedBindingsRestoreWithNativeMenuEquivalents() passed after 0.002 seconds.
✔ Test theLocatorPrefersTheBundleAndFallsBackToTheCheckout() passed after 0.003 seconds.
✔ Test everyCommandParsesWithOrWithoutATrailingSlash() passed after 0.002 seconds.
✔ Test unrelatedDiagnosticsDoNotInventPaneActivity() passed after 0.002 seconds.
✔ Test aReleaseWithinTheThresholdIsAClickAndFurtherIsADrag() passed after 0.002 seconds.
✔ Test chromuxPathAbsenceStopsBeforeAnyProcessLaunch() passed after 0.005 seconds.
✔ Test anOriginOnAScreenThatIsNoLongerConnectedMovesToOneThatIs() passed after 0.002 seconds.
✔ Test theRecordedOffscreenIncidentCoordinateComesBackOnScreen() passed after 0.002 seconds.
✔ Test storedAcceleratorsRoundTripAndInvalidOnesAreNamed() passed after 0.002 seconds.
✔ Test anAcceleratorIsBuiltFromThePhysicalKeyNotTheTypedCharacter() passed after 0.002 seconds.
✔ Test clampingIsStableWhenRepeated() passed after 0.002 seconds.
✔ Test nativeWindowRoutingMatchesAllFourPaneCommandsAndNothingReserved() passed after 0.003 seconds.
✔ Test modifierOnlyAndBareKeyPressesAreNotCompleteBindings() passed after 0.002 seconds.
✔ Test theRetiredPetSchemeAndUnknownCommandsAreNotAccepted() passed after 0.002 seconds.
✔ Suite CompositionInputPolicyTests passed after 0.006 seconds.
✔ Suite PaneActivityPresentationTests passed after 0.006 seconds.
✔ Suite "Pane shortcut settings" passed after 0.005 seconds.
✔ Suite "Pet URL scheme" passed after 0.006 seconds.
✔ Suite "Pet placement and gestures" passed after 0.006 seconds.
✔ Test bundledDefaultThemeCoversEveryPoseTheCoreCanReport() passed after 0.004 seconds.
✔ Test unlaunchableRuntimeReturnsItsLaunchFailureToTheCaller() passed after 0.006 seconds.
✔ Test aStaticPoseYieldsExactlyOneFrame() passed after 0.004 seconds.
✔ Test animatedWebpArtPlaysItsOwnFramesWithoutConversion() passed after 0.004 seconds.
✔ Test aSheetThatDoesNotDivideIsRefusedRatherThanRenderedSkewed() passed after 0.004 seconds.
✔ Test anUnknownSchemaVersionIsRefusedInsteadOfGuessed() passed after 0.010 seconds.
✔ Test aThemeMissingAPoseIsRejectedRatherThanLeavingThePetBlank() passed after 0.010 seconds.
✔ Test aThemeNamingArtThatIsNotThereFailsWithThatPath() passed after 0.012 seconds.
✔ Suite "Pet theme loading" passed after 0.013 seconds.
✔ Test spriteSheetArtIsSlicedIntoEqualDistinctFrames() passed after 0.019 seconds.
✔ Suite "Pet animation" passed after 0.022 seconds.
✔ Test mainWindowPresentationIsVisibleBeforeRuntimeWorkStarts() passed after 0.077 seconds.
{"component":"ui_state","fallback":"defaults","kind":"ui_state.missing","message":"UI state was not found; safe defaults were loaded"}
✔ Test coreBridgeHasAnImmediateSnapshotBeforeRuntimeResolution() passed after 0.081 seconds.
✔ Test anEmptyAcceleratorRegistersNothingAndReportsNoError() passed after 0.084 seconds.
✔ Test anUnparsableStoredAcceleratorSurfacesInsteadOfSilentlyNotFiring() passed after 0.084 seconds.
✔ Suite "Pet global shortcut" passed after 0.087 seconds.
✔ Test zoomRetainsEveryPaneViewInsteadOfRecreatingHiddenTerminals() passed after 0.090 seconds.
✔ Test unzoomRestoresAuthoritativeFramesWithoutCollapsingHiddenPanes() passed after 0.090 seconds.
✔ Test authoritativeNestedLayoutDecodesWithoutChangingPaneOrder() passed after 0.091 seconds.
✔ Test focusAccentFollowsOnlyTheAuthoritativePaneAndIsRepeatable() passed after 0.091 seconds.
✔ Test terminalViewLeavesPaneCommandEquivalentsToTheMenuSystem() passed after 0.091 seconds.
✔ Suite "Pane grid presentation" passed after 0.093 seconds.
✔ Test childToolEnvironmentHasOnlyNonSecretRoutingValues() passed after 1.048 seconds.
✔ Test loginShellPathIsTheChildToolPATH() passed after 1.048 seconds.
✔ Test run with 67 tests passed after 1.048 seconds.
