Building for debugging...
[0/3] Write swift-version--1AB21518FC5DEDBE.txt
Build of product 'SwiftTermBuildInfoGenerator' complete! (0.21s)
[0/1] Planning build
[1/1] Compiling plugin GenerateDoccReference
[2/2] Compiling plugin GenerateManual
[3/3] Compiling plugin SwiftTermBuildInfoPlugin
Building for debugging...
[3/7] Write swift-version--1AB21518FC5DEDBE.txt
[4/8] Generate SwiftTerm build information
Build complete! (3.21s)
◇ Test run started.
↳ Testing Library Version: 102 (arm64e-apple-macos13.0)
◇ Suite "Pet theme loading" started.
◇ Suite "Pane shortcut settings" started.
◇ Suite "Pet placement and gestures" started.
◇ Suite "Pet animation" started.
◇ Suite CompositionInputPolicyTests started.
◇ Test loginShellPathIsTheChildToolPATH() started.
◇ Suite PaneActivityPresentationTests started.
◇ Suite "Pane grid presentation" started.
◇ Test cdpTabTitleDecodesCharacterReferencesAfterStructuredJSONParsing() started.
◇ Test petHitRegionDecisionIsStableWhenRepeated() started.
◇ Test workspaceAndTabWarningsAggregateOnlyActiveOrAttentionPanes() started.
◇ Test paneLessCheckoutSelectionRequestsAnAutomaticTerminal() started.
◇ Test coreBridgeHasAnImmediateSnapshotBeforeRuntimeResolution() started.
◇ Test worktreeNoticeStatesTheCheckoutLossBoundary() started.
◇ Test checkoutWithAExistingPaneOnlyChangesFocus() started.
◇ Suite "Pet global shortcut" started.
◇ Test childToolEnvironmentHasOnlyNonSecretRoutingValues() started.
◇ Test petHitRegionKeepsCircularEdgeInteractive() started.
◇ Test terminalLayoutMustBelongToTheFocusedCheckoutBeforeRendering() started.
◇ Test petPlacementIsStableWhenRepeated() started.
◇ Test petHitRegionKeepsCenterInteractive() started.
◇ Test laggingCursorDeltaSurfacesTheDropMarker() started.
◇ Test remoteShellCommandQuotesPathsWithoutHandlingCredentials() started.
◇ Test idlePaneCloseDoesNotAddAnUnnecessaryConfirmation() started.
◇ Test petHitRegionMakesTransparentCornerClickThrough() started.
◇ Test remoteSnapshotProjectionCarriesContextAndPaneCwd() started.
◇ Test finderLaunchWithoutAnActiveWorkspaceDoesNotScanTheProcessDirectory() started.
◇ Test unlaunchableRuntimeReturnsItsLaunchFailureToTheCaller() started.
◇ Test missingRuntimeReturnsAVisibleServerStartFailure() started.
◇ Test finderLikeEnvironmentUsesAVisibleSafePATHFallback() started.
◇ Test rebindRejectsDuplicateAndUpdatesOnlyTheRequestedAction() started.
◇ Test corruptReservedOrConflictingStoredBindingsFallBackAsOneSafeSet() started.
◇ Test missingStateUsesTheFourDocumentedDefaults() started.
◇ Test offscreenPetOriginClampsIntoPrimaryVisibleFrame() started.
◇ Test chromuxPathAbsenceStopsBeforeAnyProcessLaunch() started.
◇ Test hideSearchFiltersAgentsAndCheckoutsWithoutTerminalEntries() started.
◇ Test bundledDefaultThemeCoversEveryPoseTheCoreCanReport() started.
◇ Suite "Pet URL scheme" started.
◇ Test mainWindowPresentationIsVisibleBeforeRuntimeWorkStarts() started.
◇ Test chunkOnlyDeltaDecodesWithoutSections() started.
◇ Test anUnknownSchemaVersionIsRefusedInsteadOfGuessed() started.
◇ Test nativeWindowRoutingMatchesAllFourPaneCommandsAndNothingReserved() started.
◇ Test everyAttentionPaneStateRequiresCloseConfirmation() started.
◇ Test theLocatorPrefersTheBundleAndFallsBackToTheCheckout() started.
◇ Test workingPaneNoticeNamesTheTerminationConsequence() started.
◇ Test aSheetThatDoesNotDivideIsRefusedRatherThanRenderedSkewed() started.
◇ Test aStaticPoseYieldsExactlyOneFrame() started.
◇ Test animatedWebpArtPlaysItsOwnFramesWithoutConversion() started.
◇ Test clampingIsStableWhenRepeated() started.
◇ Test spriteSheetArtIsSlicedIntoEqualDistinctFrames() started.
◇ Test aThemeNamingArtThatIsNotThereFailsWithThatPath() started.
◇ Test draggingKeepsTheCursorAtTheSamePointOnThePet() started.
◇ Test backspaceDuringCompositionSwallowsEverything() started.
◇ Test composingStillDeliversTextAndArrowSequences() started.
◇ Test aThemeMissingAPoseIsRejectedRatherThanLeavingThePetBlank() started.
◇ Test giveUpCommitIsDroppedOnlyForComposedBackspace() started.
◇ Test anOriginOnAScreenThatIsNoLongerConnectedMovesToOneThatIs() started.
◇ Test theRecordedOffscreenIncidentCoordinateComesBackOnScreen() started.
◇ Test validPersistedBindingsRestoreWithNativeMenuEquivalents() started.
◇ Test plainBackspaceExcludesShortcutChords() started.
◇ Test composingSuppressesControlByteFallbacks() started.
◇ Test terminalViewLeavesPaneCommandEquivalentsToTheMenuSystem() started.
◇ Test unzoomRestoresAuthoritativeFramesWithoutCollapsingHiddenPanes() started.
◇ Test focusAccentFollowsOnlyTheAuthoritativePaneAndIsRepeatable() started.
◇ Test unrelatedDiagnosticsDoNotInventPaneActivity() started.
◇ Test aReleaseWithinTheThresholdIsAClickAndFurtherIsADrag() started.
◇ Test notComposingDeliversEverything() started.
◇ Test authoritativeNestedLayoutDecodesWithoutChangingPaneOrder() started.
◇ Test pendingAndReadyPaneOperationsStayVisible() started.
◇ Test theNewestPaneTransitionWins() started.
◇ Test zoomRetainsEveryPaneViewInsteadOfRecreatingHiddenTerminals() started.
◇ Test anEmptyAcceleratorRegistersNothingAndReportsNoError() started.
◇ Test storedAcceleratorsRoundTripAndInvalidOnesAreNamed() started.
◇ Test anUnparsableStoredAcceleratorSurfacesInsteadOfSilentlyNotFiring() started.
◇ Test anAcceleratorIsBuiltFromThePhysicalKeyNotTheTypedCharacter() started.
◇ Test modifierOnlyAndBareKeyPressesAreNotCompleteBindings() started.
✔ Test worktreeNoticeStatesTheCheckoutLossBoundary() passed after 0.002 seconds.
✔ Test workspaceAndTabWarningsAggregateOnlyActiveOrAttentionPanes() passed after 0.002 seconds.
✔ Test petHitRegionKeepsCenterInteractive() passed after 0.002 seconds.
✔ Test petHitRegionKeepsCircularEdgeInteractive() passed after 0.002 seconds.
✔ Test checkoutWithAExistingPaneOnlyChangesFocus() passed after 0.002 seconds.
✔ Test terminalLayoutMustBelongToTheFocusedCheckoutBeforeRendering() passed after 0.002 seconds.
✔ Test petPlacementIsStableWhenRepeated() passed after 0.002 seconds.
✔ Test idlePaneCloseDoesNotAddAnUnnecessaryConfirmation() passed after 0.002 seconds.
✔ Test cdpTabTitleDecodesCharacterReferencesAfterStructuredJSONParsing() passed after 0.002 seconds.
✔ Test petHitRegionDecisionIsStableWhenRepeated() passed after 0.002 seconds.
✔ Test paneLessCheckoutSelectionRequestsAnAutomaticTerminal() passed after 0.002 seconds.
✔ Test remoteShellCommandQuotesPathsWithoutHandlingCredentials() passed after 0.002 seconds.
✔ Test petHitRegionMakesTransparentCornerClickThrough() passed after 0.003 seconds.
✔ Test laggingCursorDeltaSurfacesTheDropMarker() passed after 0.003 seconds.
✔ Test finderLaunchWithoutAnActiveWorkspaceDoesNotScanTheProcessDirectory() passed after 0.003 seconds.
✔ Test offscreenPetOriginClampsIntoPrimaryVisibleFrame() passed after 0.003 seconds.
◇ Test theRetiredPetSchemeAndUnknownCommandsAreNotAccepted() started.
◇ Test everyCommandParsesWithOrWithoutATrailingSlash() started.
✔ Test finderLikeEnvironmentUsesAVisibleSafePATHFallback() passed after 0.003 seconds.
✔ Test missingRuntimeReturnsAVisibleServerStartFailure() passed after 0.003 seconds.
✔ Test everyAttentionPaneStateRequiresCloseConfirmation() passed after 0.003 seconds.
✔ Test chunkOnlyDeltaDecodesWithoutSections() passed after 0.003 seconds.
✔ Test missingStateUsesTheFourDocumentedDefaults() passed after 0.003 seconds.
{"component":"ui_state","fallback":"defaults","kind":"ui_state.missing","message":"UI state was not found; safe defaults were loaded"}
✔ Test rebindRejectsDuplicateAndUpdatesOnlyTheRequestedAction() passed after 0.003 seconds.
✔ Test workingPaneNoticeNamesTheTerminationConsequence() passed after 0.003 seconds.
✔ Test remoteSnapshotProjectionCarriesContextAndPaneCwd() passed after 0.004 seconds.
✔ Test corruptReservedOrConflictingStoredBindingsFallBackAsOneSafeSet() passed after 0.004 seconds.
✔ Test hideSearchFiltersAgentsAndCheckoutsWithoutTerminalEntries() passed after 0.003 seconds.
✔ Test clampingIsStableWhenRepeated() passed after 0.003 seconds.
✔ Test draggingKeepsTheCursorAtTheSamePointOnThePet() passed after 0.003 seconds.
✔ Test backspaceDuringCompositionSwallowsEverything() passed after 0.003 seconds.
✔ Test composingStillDeliversTextAndArrowSequences() passed after 0.003 seconds.
✔ Test theLocatorPrefersTheBundleAndFallsBackToTheCheckout() passed after 0.003 seconds.
✔ Test anOriginOnAScreenThatIsNoLongerConnectedMovesToOneThatIs() passed after 0.003 seconds.
✔ Test plainBackspaceExcludesShortcutChords() passed after 0.003 seconds.
✔ Test giveUpCommitIsDroppedOnlyForComposedBackspace() passed after 0.003 seconds.
✔ Test composingSuppressesControlByteFallbacks() passed after 0.002 seconds.
✔ Test validPersistedBindingsRestoreWithNativeMenuEquivalents() passed after 0.003 seconds.
✔ Test theRecordedOffscreenIncidentCoordinateComesBackOnScreen() passed after 0.003 seconds.
✔ Test unrelatedDiagnosticsDoNotInventPaneActivity() passed after 0.002 seconds.
✔ Test aReleaseWithinTheThresholdIsAClickAndFurtherIsADrag() passed after 0.002 seconds.
✔ Test notComposingDeliversEverything() passed after 0.002 seconds.
✔ Test pendingAndReadyPaneOperationsStayVisible() passed after 0.002 seconds.
✔ Test theNewestPaneTransitionWins() passed after 0.002 seconds.
✔ Test chromuxPathAbsenceStopsBeforeAnyProcessLaunch() passed after 0.004 seconds.
✔ Test storedAcceleratorsRoundTripAndInvalidOnesAreNamed() passed after 0.003 seconds.
✔ Test bundledDefaultThemeCoversEveryPoseTheCoreCanReport() passed after 0.004 seconds.
✔ Test theRetiredPetSchemeAndUnknownCommandsAreNotAccepted() passed after 0.001 seconds.
✔ Test nativeWindowRoutingMatchesAllFourPaneCommandsAndNothingReserved() passed after 0.005 seconds.
✔ Test everyCommandParsesWithOrWithoutATrailingSlash() passed after 0.001 seconds.
✔ Suite "Pet placement and gestures" passed after 0.005 seconds.
✔ Suite CompositionInputPolicyTests passed after 0.005 seconds.
✔ Suite PaneActivityPresentationTests passed after 0.005 seconds.
✔ Test modifierOnlyAndBareKeyPressesAreNotCompleteBindings() passed after 0.003 seconds.
✔ Test anAcceleratorIsBuiltFromThePhysicalKeyNotTheTypedCharacter() passed after 0.003 seconds.
✔ Test coreBridgeHasAnImmediateSnapshotBeforeRuntimeResolution() passed after 0.005 seconds.
✔ Suite "Pet URL scheme" passed after 0.005 seconds.
✔ Suite "Pane shortcut settings" passed after 0.005 seconds.
✔ Test unlaunchableRuntimeReturnsItsLaunchFailureToTheCaller() passed after 0.005 seconds.
✔ Test animatedWebpArtPlaysItsOwnFramesWithoutConversion() passed after 0.005 seconds.
✔ Test aStaticPoseYieldsExactlyOneFrame() passed after 0.005 seconds.
✔ Test aSheetThatDoesNotDivideIsRefusedRatherThanRenderedSkewed() passed after 0.005 seconds.
✔ Test aThemeMissingAPoseIsRejectedRatherThanLeavingThePetBlank() passed after 0.006 seconds.
✔ Test anUnknownSchemaVersionIsRefusedInsteadOfGuessed() passed after 0.006 seconds.
✔ Test aThemeNamingArtThatIsNotThereFailsWithThatPath() passed after 0.006 seconds.
✔ Suite "Pet theme loading" passed after 0.007 seconds.
✔ Test spriteSheetArtIsSlicedIntoEqualDistinctFrames() passed after 0.018 seconds.
✔ Suite "Pet animation" passed after 0.019 seconds.
✔ Test childToolEnvironmentHasOnlyNonSecretRoutingValues() passed after 0.056 seconds.
✔ Test loginShellPathIsTheChildToolPATH() passed after 0.057 seconds.
✔ Test mainWindowPresentationIsVisibleBeforeRuntimeWorkStarts() passed after 0.069 seconds.
✔ Test anEmptyAcceleratorRegistersNothingAndReportsNoError() passed after 0.074 seconds.
✔ Test anUnparsableStoredAcceleratorSurfacesInsteadOfSilentlyNotFiring() passed after 0.074 seconds.
✔ Suite "Pet global shortcut" passed after 0.076 seconds.
✔ Test unzoomRestoresAuthoritativeFramesWithoutCollapsingHiddenPanes() passed after 0.076 seconds.
✔ Test focusAccentFollowsOnlyTheAuthoritativePaneAndIsRepeatable() passed after 0.076 seconds.
✔ Test authoritativeNestedLayoutDecodesWithoutChangingPaneOrder() passed after 0.076 seconds.
✔ Test zoomRetainsEveryPaneViewInsteadOfRecreatingHiddenTerminals() passed after 0.076 seconds.
✔ Test terminalViewLeavesPaneCommandEquivalentsToTheMenuSystem() passed after 0.076 seconds.
✔ Suite "Pane grid presentation" passed after 0.078 seconds.
✔ Test run with 69 tests passed after 0.078 seconds.
